package main

import (
	"testing"

	pbuser_service "github.com/goatx/goat/protobuf/example/proto"
	"github.com/google/go-cmp/cmp"
)

func TestCreateUser(t *testing.T) {
	tests := []struct {
		name     string
		input    *pbuser_service.CreateUserRequest
		expected *pbuser_service.CreateUserResponse
	}{
		{
			name: "case_0",
			input: &pbuser_service.CreateUserRequest{
				Email:    "alice@example.com",
				Tags:     nil,
				Username: "alice",
			},
			expected: &pbuser_service.CreateUserResponse{
				ErrorCode: 0,
				Success:   true,
				UserId:    "user_123",
			},
		},
		{
			name: "case_1",
			input: &pbuser_service.CreateUserRequest{
				Email:    "bob@example.com",
				Tags:     nil,
				Username: "bob",
			},
			expected: &pbuser_service.CreateUserResponse{
				ErrorCode: 0,
				Success:   true,
				UserId:    "user_123",
			},
		},
	}

	for _, tt := range tests {
		t.Run(tt.name, func(t *testing.T) {
			actual, err := user_serviceClient.CreateUser(t.Context(), tt.input)
			if err != nil {
				t.Fatalf("RPC call failed: %v", err)
			}
			if diff := cmp.Diff(tt.expected, actual); diff != "" {
				t.Errorf("CreateUser mismatch (-expected +actual):\n%s", diff)
			}
		})
	}
}

func TestGetUser(t *testing.T) {
	tests := []struct {
		name     string
		input    *pbuser_service.GetUserRequest
		expected *pbuser_service.GetUserResponse
	}{
		{
			name: "case_0",
			input: &pbuser_service.GetUserRequest{
				UserId: "user_123",
			},
			expected: &pbuser_service.GetUserResponse{
				Email:    "test@example.com",
				Found:    true,
				Username: "testuser",
			},
		},
	}

	for _, tt := range tests {
		t.Run(tt.name, func(t *testing.T) {
			actual, err := user_serviceClient.GetUser(t.Context(), tt.input)
			if err != nil {
				t.Fatalf("RPC call failed: %v", err)
			}
			if diff := cmp.Diff(tt.expected, actual); diff != "" {
				t.Errorf("GetUser mismatch (-expected +actual):\n%s", diff)
			}
		})
	}
}
