sequenceDiagram
    participant ClientStateMachine
    participant ServerStateMachine
    participant DBStateMachine

    ClientStateMachine->>ServerStateMachine: ReservationRequestEvent
    ServerStateMachine->>DBStateMachine: DBSelectEvent
    DBStateMachine->>ServerStateMachine: DBSelectResultEvent
    alt
        ServerStateMachine->>ClientStateMachine: ReservationResultEvent
    else
        ServerStateMachine->>DBStateMachine: DBUpdateEvent
        DBStateMachine->>ServerStateMachine: DBUpdateResultEvent
        alt
            ServerStateMachine->>ClientStateMachine: ReservationResultEvent
        else
            ServerStateMachine->>ClientStateMachine: ReservationRetryEvent
            ClientStateMachine->>ServerStateMachine: ReservationRequestEvent
        end
    end
